0 verbose cli D:\Stage\Christophe\code\node.exe C:\Users\theom\AppData\Roaming\npm\node_modules\npm\bin\npm-cli.js
1 info using npm@10.5.2
2 info using node@v22.14.0
3 timing npm:load:whichnode Completed in 1ms
4 timing config:load:defaults Completed in 1ms
5 timing config:load:file:C:\Users\theom\AppData\Roaming\npm\node_modules\npm\npmrc Completed in 2ms
6 timing config:load:builtin Completed in 2ms
7 timing config:load:cli Completed in 1ms
8 timing config:load:env Completed in 0ms
9 timing config:load:file:D:\projets\quizz_astro\.npmrc Completed in 0ms
10 timing config:load:project Completed in 2ms
11 timing config:load:file:C:\Users\theom\.npmrc Completed in 0ms
12 timing config:load:user Completed in 0ms
13 timing config:load:file:C:\Users\theom\AppData\Roaming\npm\etc\npmrc Completed in 1ms
14 timing config:load:global Completed in 1ms
15 timing config:load:setEnvs Completed in 0ms
16 timing config:load Completed in 7ms
17 timing npm:load:configload Completed in 7ms
18 timing config:load:flatten Completed in 1ms
19 timing npm:load:mkdirpcache Completed in 11ms
20 timing npm:load:mkdirplogs Completed in 10ms
21 verbose title npm create vite@latest frontend-tmp react-ts
22 verbose argv "create" "vite@latest" "frontend-tmp" "--template" "react-ts"
23 timing npm:load:setTitle Completed in 0ms
24 timing npm:load:display Completed in 1ms
25 verbose logfile logs-max:10 dir:D:\projets\quizz_astro\.npm-cache\_logs\2026-03-15T20_52_39_042Z-
26 verbose logfile D:\projets\quizz_astro\.npm-cache\_logs\2026-03-15T20_52_39_042Z-debug-0.log
27 timing npm:load:logFile Completed in 1ms
28 timing npm:load:timers Completed in 0ms
29 timing npm:load:configScope Completed in 0ms
30 timing npm:load Completed in 44ms
31 silly logfile done cleaning log files
32 timing arborist:ctor Completed in 0ms
33 http fetch GET 200 https://registry.npmjs.org/npm 161ms
34 http fetch GET 200 https://registry.npmjs.org/create-vite 202ms (cache miss)
35 timing arborist:ctor Completed in 0ms
36 warn exec The following package was not found and will be installed: create-vite@9.0.2
37 timing arborist:ctor Completed in 0ms
38 timing idealTree:init Completed in 3ms
39 timing idealTree:userRequests Completed in 1ms
40 silly idealTree buildDeps
41 silly fetch manifest create-vite@9.0.2
42 http fetch GET 200 https://registry.npmjs.org/create-vite 89ms (cache miss)
43 silly placeDep ROOT create-vite@9.0.2 OK for:  want: 9.0.2
44 timing idealTree:#root Completed in 94ms
45 timing idealTree:node_modules/create-vite Completed in 0ms
46 timing idealTree:buildDeps Completed in 94ms
47 timing idealTree:fixDepFlags Completed in 0ms
48 timing idealTree Completed in 99ms
49 timing reify:loadTrees Completed in 100ms
50 timing reify:diffTrees Completed in 1ms
51 silly reify moves {}
52 timing reify:retireShallow Completed in 1ms
53 timing reify:createSparse Completed in 18ms
54 timing reify:loadBundles Completed in 0ms
55 silly audit bulk request { 'create-vite': [ '9.0.2' ] }
56 silly tarball no local data for create-vite@https://registry.npmjs.org/create-vite/-/create-vite-9.0.2.tgz. Extracting by manifest.
57 http fetch POST 200 https://registry.npmjs.org/-/npm/v1/security/advisories/bulk 183ms
58 timing auditReport:getReport Completed in 183ms
59 silly audit report {}
60 timing auditReport:init Completed in 0ms
61 timing reify:audit Completed in 184ms
62 http fetch GET 200 https://registry.npmjs.org/create-vite/-/create-vite-9.0.2.tgz 1649ms (cache miss)
63 timing reifyNode:node_modules/create-vite Completed in 1656ms
64 timing reify:unpack Completed in 1656ms
65 timing reify:unretire Completed in 0ms
66 timing build:queue Completed in 0ms
67 timing build:link:node_modules/create-vite Completed in 28ms
68 timing build:link Completed in 28ms
69 timing build:deps Completed in 29ms
70 timing build Completed in 29ms
71 timing reify:build Completed in 29ms
72 timing reify:trash Completed in 0ms
73 timing reify:save Completed in 14ms
74 timing reify Completed in 1827ms
75 timing command:create Completed in 2409ms
76 notice
76 notice New major version of npm available! 10.5.2 -> 11.11.1
76 notice Changelog: <https://github.com/npm/cli/releases/tag/v11.11.1>
76 notice Run `npm install -g npm@11.11.1` to update!
76 notice
77 verbose exit 0
78 timing npm Completed in 3232ms
79 info ok
